✔ build.py produces dist/ProjectPlanner.html with embedded data block (63.813917ms)
✔ build.py output embeds a valid, blank starter project (1.49675ms)
✖ build.py output includes every engine in dependency order (27.6ms)
✔ buildTree assigns dotted WBS numbers by sibling order (1.227292ms)
✔ planPctToDate is 1 once the status date reaches the planned finish (0.080959ms)
✔ planPctToDate is 0 before the planned start (0.064958ms)
✔ actualPctToDate is null before any actual start (0.068833ms)
✔ actualPctToDate is 1 once the status date reaches actual finish (0.065625ms)
✔ actualPctToDate ramps by elapsed workdays since actual start divided by planned duration (0.178875ms)
✔ actualPctToDate caps the ramp at 0.99 (never 1) when elapsed exceeds planned duration and actual finish is not set (0.100792ms)
✔ actualPctToDate with plannedDuration <= 0 is 1 once actual finish is set, else null (0.047208ms)
✔ recalc: each leaf duration matches the workbook truth table (3.763375ms)
✔ recalc: leaf weights are duration / total duration and sum to 1 (0.686333ms)
✔ recalc: a manual weightOverride is honored and the rest renormalize around it (0.64675ms)
✔ recalc: a Cancelled task drops out of weight and rollup math entirely (0.536083ms)
✔ recalc: phase rollup is 100% complete when every child is 100% complete and status date is at/after the last finish (1.93325ms)
✔ recalc: a parent task rolls up actualStart/actualFinish as min/max of its children, not its own raw fields (4.722709ms)
✔ recalc: a parent with no children carrying an actualStart/actualFinish rolls up to null (0.220375ms)
✔ recalc: leaf actualPct is derived from actualStart/actualFinish dates, ignoring a stale raw actualPct field (0.208291ms)
✔ recalc: a leaf only reaches Complete once actualFinish is genuinely reached, not from a stale raw actualPct alone (0.114ms)
✔ recalc: KPIs count complete/delayed leaves and deliverables (0.467042ms)
✔ recalc: scurve planned and actual cumulative both reach 1 by the last week bucket (0.4ms)
✔ recalc: scurve first bucket (project start week) has near-zero actual for a task that has not started yet (0.377583ms)
✔ recalc: KPIs exclude a cancelled deliverable from deliverablesTotal, not just deliverablesComplete (0.140083ms)
✔ computeScurve: last point always reaches 100% even when the span is not a multiple of 7 days (0.207292ms)
✔ computeScurve: the actual line is a real historical ramp, not a flat snapshot of the current actualPct (0.119958ms)
✔ computeCalendarLayout returns a Mon-Fri week grid for July 2026 with correct day numbers and no activities (0.986375ms)
✔ computeCalendarLayout trims an entirely-blank leading week row when the month starts on a weekend (August 2026) (0.133583ms)
✔ a single-day Meeting occupies exactly one day cell (one segment, lane 0) (1.886ms)
✔ a multi-day Workshop spanning a weekend gap splits into two segments, one per week row (0.456459ms)
✔ a keyDate activity marks its day cell keyDate:true and leaves other cells false (0.22825ms)
✔ two activities on the same day are assigned separate stacked lanes (0.17125ms)
✔ an activity date range is clipped to the target month at a cross-month boundary (0.120625ms)
✔ an activity entirely outside the target month produces zero segments (0.084167ms)
✔ an activity with a missing dateStart or dateEnd is skipped without crashing (0.091666ms)
✔ back-to-back successor gives float 0 (the locked fencepost) (0.676166ms)
✔ one idle workday between finish and successor start gives float 1 (0.098875ms)
✔ a weekend between finish and successor start adds no float (0.087333ms)
✔ a holiday in the gap does not count as float (0.074458ms)
✔ multi-successor task takes the minimum edge float, and only zero-float edges are critical (1.040167ms)
✔ a task with no successors floats against the overall project end (0.174834ms)
✔ tier boundaries land correctly (0.150625ms)
✔ cancelled tasks, parents, and dateless tasks are excluded; dangling predecessors ignored (0.084042ms)
✔ stripBom removes a leading BOM and leaves clean text alone (0.675625ms)
✔ parseCsvText splits simple rows and cells (0.423541ms)
✔ parseCsvText handles CRLF line endings and skips a trailing empty line (0.073041ms)
✔ parseCsvText keeps commas inside quoted cells (0.058042ms)
✔ parseCsvText unescapes doubled quotes inside quoted cells (0.058458ms)
✔ parseCsvText keeps newlines inside quoted cells (0.052625ms)
✔ parseCsvText preserves non-ASCII text (0.058708ms)
✔ csvTemplateText is the exact 10-column header row (0.051667ms)
✔ validateCsvRows accepts a valid file and builds task specs in order (1.093ms)
✔ validateCsvRows rejects a wrong header row (0.479083ms)
✔ validateCsvRows rejects wrong column count with the row number (0.30525ms)
✔ validateCsvRows rejects duplicate and non-integer Row numbers (0.154458ms)
✔ validateCsvRows rejects a Level jump greater than +1 and a first row above level 0 (3.86975ms)
✔ validateCsvRows rejects empty Task Name, blank Owner, and bad dates (0.328292ms)
✔ validateCsvRows rejects a whitespace-only Owner the same as a blank one (0.092542ms)
✔ validateCsvRows leaves PIC optional when Owner is present (0.066125ms)
✔ validateCsvRows rejects predecessor references to missing rows and to self (0.125458ms)
✔ validateCsvRows allows forward predecessor references (0.046375ms)
✔ validateCsvRows returns no tasks when any error exists (0.045916ms)
✔ validateCsvRows parses deliverable variants case-insensitively (0.050334ms)
✔ escapeCsvField leaves plain values untouched and normalizes null/undefined to empty string (0.161459ms)
✔ escapeCsvField quotes and escapes values containing commas, quotes, or newlines (0.063042ms)
✔ buildExportCsv on an empty project produces just the BOM-prefixed header row with a trailing CRLF (0.209042ms)
✔ buildExportCsv writes one row per task in calc.order with formatted values (0.145458ms)
✔ buildExportCsv renders predecessors as comma-separated WBS references and blanks missing fields (0.079208ms)
✔ buildExportCsv escapes a task name containing a comma (0.054125ms)
✔ buildExportCsv escapes Thai text with embedded newlines (Owner field) without corrupting it (0.072167ms)
✔ parseActivitiesCsv: valid multi-row parse resolves group names to ids (0.238875ms)
✔ parseActivitiesCsv: blank dateEnd defaults to dateStart, blank keyDate defaults false, blank groupIds defaults empty array (0.045791ms)
✔ parseActivitiesCsv: keyDate accepts true/false/yes/no/1/0 case-insensitively (0.568542ms)
✔ parseActivitiesCsv: missing name is an error (0.27725ms)
✔ parseActivitiesCsv: missing or malformed dateStart is an error (0.282958ms)
✔ parseActivitiesCsv: dateEnd before dateStart is an error (0.427708ms)
✔ parseActivitiesCsv: invalid type is an error (0.201167ms)
✔ parseActivitiesCsv: type is case-insensitive on input, normalized to canonical casing (0.135375ms)
✔ parseActivitiesCsv: unknown group name is an error, reported by name (0.195208ms)
✔ parseActivitiesCsv: multiple bad rows all get reported, not just the first (0.109375ms)
✔ wouldCreateCycle: direct cycle detected (A depends on B, adding B depends on A) (0.477084ms)
✔ wouldCreateCycle: transitive cycle detected (A->B->C, adding C->A) (0.075667ms)
✔ wouldCreateCycle: unrelated link is not a cycle (0.057333ms)
✔ forwardPass: successor starting before predecessor finishes gets pushed to the next workday (0.217917ms)
✔ forwardPass: successor already starting after predecessor finishes is untouched (2.878041ms)
✔ forwardPass: chain shifts recursively (A pushes B pushes C) (0.316792ms)
✔ forwardPass: diamond dependency graph re-propagates final dates regardless of array order (X->Z, X->W, W->Z, Z->V) (0.187916ms)
✔ forwardPass: a cyclic predecessors graph (bypassing wouldCreateCycle) still returns instead of hanging (0.087459ms)
✔ forwardPass does not mutate the input array (0.080458ms)
✓ Estimator data persists through serialization
✖ Integration: Estimator detailed mode end-to-end (3.749375ms)
✖ Integration: Estimator high-level mode end-to-end (0.11575ms)
✔ Integration: Estimator serialization and persistence (0.696792ms)
✖ Integration: Estimator with integrations and migrations (0.181667ms)
✔ calculateRequirement - Configuration Medium (0.600333ms)
✖ calculateRequirement - Customization High (0.332125ms)
✖ calculateRequirement - OOTB Low (0.675625ms)
✔ calculateRequirement - invalid inputs (0.076542ms)
✖ calculateHighLevelCloud - Sales cloud with mixed complexity (0.156875ms)
✖ recalcSummary - detailed mode with two requirements (0.237792ms)
✖ recalcSummary - high-level mode (0.088292ms)
✖ recalcSummary - with integrations and migrations (0.097958ms)
✔ POWERED_STAGES distribution sums to 1.0 (0.081458ms)
✔ ROLE_ALLOCATION distributions sum to 1.0 (0.093333ms)
✔ Uses configurable powered stages from params (0.105375ms)
✔ Uses primary solution type (first in array) for calculation (0.056333ms)
✔ Summary includes byFeature instead of byCloud (0.086791ms)
✔ taskMatches: search matches name case-insensitively (0.543667ms)
✔ taskMatches: search also matches remarks and jira (0.0755ms)
✔ taskMatches: pic filter is an exact match (2.297459ms)
✔ taskMatches: status filter is an exact match against computed status (0.285917ms)
✔ taskMatches: onlyDelayed requires Delayed status (0.258208ms)
✔ taskMatches: onlyDeliverable requires deliverable flag (0.126583ms)
✔ taskMatches: filters compose with AND (0.227584ms)
✔ visibleIds: no active filters returns every id in order (0.48325ms)
✔ visibleIds: a matching leaf pulls in its full ancestor chain but not unrelated siblings (0.108917ms)
✔ visibleIds: a matching parent is visible even if no child matches (0.103334ms)
✔ taskMatches: owner filter is an exact match (0.066ms)
✔ taskMatches: owner and pic filters compose with AND (0.05625ms)
✔ hasActiveFilter is true when only owner is set (0.058292ms)
✔ hasActiveFilter is true when only onlyDeliverable is set (0.036833ms)
✔ hasActiveFilter is false for an all-default filter object and true when any field is set (0.048375ms)
✔ computeVisibleRows returns every id in order when nothing is collapsed and no filter is active (0.098958ms)
✔ computeVisibleRows hides descendants of a collapsed ancestor when no filter is active (0.055416ms)
✔ computeVisibleRows reveals a matching descendant even under a collapsed ancestor when a filter is active (0.058542ms)
✔ full lifecycle: build a project via the store, recalc, snapshot, edit, recalc again, compare (11.165375ms)
✔ project serializes to JSON and restores to an identical, re-computable state (1.092ms)
✔ buildExecutiveSummaryData produces the 6 KPI tiles matching calc.kpis (2.431583ms)
✔ buildExecutiveSummaryData: ragStatus is On Track when variance >= 0 (0.204583ms)
✔ buildExecutiveSummaryData: ragStatus is Watch when -0.05 <= variance < 0, At Risk when variance < -0.05 (0.140625ms)
✔ buildExecutiveSummaryData: statusCounts always has all 6 status keys, zero-filled (0.22325ms)
✔ buildExecutiveSummaryData: statusCounts tallies leaf tasks only, by their calc.computed status (0.198375ms)
✔ buildRoadmapData: rangeStart/rangeEnd span the min/max planned dates of qualifying leaf tasks (1.395583ms)
✔ buildRoadmapData: lanes are one per top-level task, in order, not hardcoded names (0.334833ms)
✔ buildRoadmapData: a leaf 2 levels deep is assigned to its top-level ancestor lane (0.196667ms)
✔ buildRoadmapData: excludes cancelled tasks and tasks missing planned dates (0.175084ms)
✔ buildRoadmapData: isMeeting true for workshop/meeting keyword in name, false otherwise (0.31325ms)
✔ buildRoadmapData: deliverable flag passes through from task.deliverable (0.181875ms)
✔ buildRoadmapData: overlapping items in the same lane get distinct slots, non-overlapping items can share a slot (0.19325ms)
✔ buildRoadmapData: weeks are 7-day chunks from rangeStart to rangeEnd, labeled W0, W1, ... (0.147209ms)
✔ buildRoadmapData: no qualifying tasks returns null range and empty items/weeks (0.071834ms)
✔ buildWeeklyActionsData: completedPrior7Days includes actualFinish within [statusDate-7d, statusDate], excludes older (0.300541ms)
✔ buildWeeklyActionsData: next14Days includes plannedStart within [statusDate, statusDate+14d], excludes later (0.188208ms)
✔ buildRisksDetailData: delayedBlocked includes both Delayed and Blocked statuses (0.245042ms)
✔ buildRisksDetailData: decisions passes through project.decisions with the full field set (0.1905ms)
✔ buildRisksDetailData: nearTermDetail includes tasks with plannedStart within 45 days of statusDate, sorted ascending (0.198ms)
✔ buildReportSections assembles exactly 4 sections in order: summary, roadmap, weekly, risks (0.246083ms)
✔ networkdays: same-week span, no holiday (workbook row 8: 2024-01-15 Mon to 2024-01-16 Tue) (0.552917ms)
✔ networkdays: spans one weekend, no holiday (workbook row 9: 2024-01-16 to 2024-01-26) (0.951291ms)
✔ networkdays: full workweek (workbook row 10: 2024-01-22 Mon to 2024-01-26 Fri) (0.117041ms)
✔ networkdays: single day (workbook row 11: 2024-02-21 to 2024-02-21) (0.343208ms)
✔ networkdays: excludes a holiday that falls inside the range (workbook row 17: 2024-02-23 to 2024-03-04, holiday 2024-02-26 excluded -> 6, not 7) (0.115875ms)
✔ networkdays: same range without the holiday list counts the holiday as a workday -> 7 (0.074792ms)
✔ networkdays: reversed order returns a negative count (0.061ms)
✔ networkdays: missing arguments return 0 (0.050583ms)
✔ addWorkdays: 5 workdays from 2024-02-23 skipping the 2024-02-26 holiday lands on 2024-03-04 (0.081625ms)
✔ addWorkdays: 0 workdays returns the same date (0.088875ms)
✔ remainingWorkdays: status date before finish counts the working days between (2024-03-01 Fri to 2024-03-04 Mon) (0.185625ms)
✔ remainingWorkdays: status date equal to finish returns 0 (0.06675ms)
✔ remainingWorkdays: status date past finish returns 0 (0.051417ms)
✔ addCalendarDays: positive delta advances by plain calendar days, including weekends (0.046958ms)
✔ addCalendarDays: negative delta moves backward (0.040584ms)
✔ addCalendarDays: zero delta returns the same date (0.057708ms)
✔ addCalendarDays: rolls over the month boundary (0.048833ms)
✔ addCalendarDays: rolls over the year boundary (0.041291ms)
✔ takeSnapshot deep-clones project state and pushes it onto project.snapshots (2.049083ms)
✔ compareSnapshots reports overall progress delta (0.170667ms)
✔ compareSnapshots detects added and removed tasks (0.402625ms)
✔ compareSnapshots detects a slipped finish date (0.075208ms)
✔ compareSnapshots does not report a task as slipped if its finish date held or improved (0.064084ms)
✔ Blocked override wins regardless of dates/progress (0.422959ms)
✔ Cancelled override wins regardless of dates/progress (0.063584ms)
✔ actualPct 100% is Complete even if status date is before finish (workbook rows 8-19 pattern) (0.0525ms)
✔ status date before planned start is Not Start (0.055208ms)
✔ status date within [start, finish] is In Progress (0.053542ms)
✔ status date past finish with actualPct < 100% is Delayed (0.045166ms)
✔ missing plannedStart is Not Start (0.559584ms)
✔ generateId produces distinct string ids (0.880708ms)
✔ Project.empty creates a blank project with today as status date (2.277417ms)
✔ addTask appends a leaf task with default fields (0.215792ms)
✔ addTask appends subsequent siblings after existing ones by order (0.139958ms)
✔ updateTask changes a field and records an audit entry (0.177291ms)
✔ updateTask throws for an unknown task id (0.430792ms)
✔ updateTasks applies multiple patches as a single undo checkpoint (0.224334ms)
✔ updateTasks records one audit entry per changed field across all patched tasks (0.310375ms)
✔ updateTasks undo reverts every patched task together (0.836125ms)
✔ updateTasks throws for an unknown task id and does not partially apply (0.296375ms)
✔ deleteTask removes the task and its full subtree (0.250416ms)
✔ moveTask reparents a task and refuses to move into its own descendant (0.210792ms)
✔ indent makes a task a child of its previous sibling (0.120875ms)
✔ indent on the first sibling is a no-op (0.045ms)
✔ outdent moves a task to be a sibling right after its former parent (0.095167ms)
✔ outdent at root is a no-op (0.04075ms)
✔ undo reverts the last mutation, redo reapplies it (0.096125ms)
✔ undo with nothing to undo returns false (0.039292ms)
✔ toJSON / fromJSON round-trip preserves tasks and meta (0.120959ms)
✔ serialize increments the revision counter (0.040916ms)
✔ serialize called twice in a row increases revision by exactly 1 each time (0.040333ms)
✔ moveTask reindexes the old parent siblings so orders stay contiguous after indent (0.191125ms)
✔ updateTask with an unknown id throws without pushing an undo checkpoint (0.057958ms)
✔ deleteTask with an unknown id throws without writing an audit entry (0.05625ms)
✔ toggleCollapse flips collapsed without pushing an undo checkpoint or audit entry (0.085625ms)
✔ toggleCollapse throws for an unknown task id (0.050792ms)
✔ setAllCollapsed(true) collapses every task that has children, leaves leaf tasks untouched (0.084ms)
✔ setAllCollapsed(false) after setAllCollapsed(true) expands every parent back (0.06375ms)
✔ Project.empty sets schemaVersion 1 on meta (0.031459ms)
✔ addTask defaults billingMilestoneId to null (0.041834ms)
✔ findIncompleteTasks returns leaf tasks missing plannedStart or plannedFinish (0.134292ms)
✔ findIncompleteTasks excludes parent/phase tasks even when their raw dates are null (0.066541ms)
✔ computeLastUpdated returns the most recent audit entry per task across any field (0.088542ms)
✔ computeLastUpdated has no entry for a task that was never updated (0.053ms)
✔ addTasks builds hierarchy from _level and appends in order under one undo checkpoint (0.197917ms)
✔ addTasks appends after existing root tasks with contiguous order (0.053209ms)
✔ addTasks fills the full task shape with defaults (0.050667ms)
✔ Project.empty creates a project with an empty billingMilestones array (0.02775ms)
✔ addBillingMilestone creates a blank entry and pushes an undo checkpoint (0.075917ms)
✔ updateBillingMilestone updates name/amount/status and records audit entries (0.087291ms)
✔ updateBillingMilestone throws for an unknown id (0.040833ms)
✔ deleteBillingMilestone removes the entry and unassigns (not deletes) its linked tasks (0.142834ms)
✔ deleteBillingMilestone throws for an unknown id (0.038458ms)
✔ assignDeliverablesToBillingMilestone links the given tasks and unlinks any previously-linked task left out of a later call to the same milestone (0.138834ms)
✔ assignDeliverablesToBillingMilestone moves a deliverable from one milestone to another without duplicating it (0.623875ms)
✔ assignDeliverablesToBillingMilestone applies as a single undo checkpoint (0.152833ms)
✔ undo restores a deleted billing milestone (billingMilestones survives undo/redo snapshots) (0.093625ms)
✔ addTask sets owner alongside pic, both defaulting to empty string (0.091708ms)
✔ addTasks reads owner from specs, defaulting to empty string (0.117458ms)
✔ Project migrates a legacy task (owner undefined) by moving pic into owner and blanking pic (0.076584ms)
✔ Project does not re-migrate a task that already has owner, even if owner is blank (0.051583ms)
✔ Project migrates a legacy task with milestone:true to deliverable:true and removes the milestone key (0.048875ms)
✔ Project migration converts a legacy task with billingAmount/billingStatus into a new billing milestone (0.062708ms)
✔ Project migration defaults billingMilestoneId to null for a task with no legacy billing fields (0.043208ms)
✔ Project migration creates one billing milestone per previously-flagged task (1:1), not a shared one (0.073209ms)
✔ findTasksMissingOwner returns leaf tasks with blank or whitespace-only owner, exempting parent/container tasks (0.158708ms)
✔ describeChange: a single added task (0.094792ms)
✔ describeChange: multiple added tasks (0.031875ms)
✔ describeChange: a single deleted task (0.035709ms)
✔ describeChange: multiple deleted tasks (0.027916ms)
✔ describeChange: a single field changed on one task (0.056417ms)
✔ describeChange: multiple fields changed on one task (0.03325ms)
✔ describeChange: fields changed on multiple tasks (e.g. a cascading successor shift) (0.034584ms)
✔ describeChange: falls through to holidays/picList/snapshots/settings when no task differs (0.141083ms)
✔ describeChange: identical snapshots fall back to a generic label (0.056875ms)
✔ Project.empty starts with empty issues, risks, and decisions collections (0.065792ms)
✔ Project defaults issues, risks, and decisions to empty arrays for legacy data missing those fields (0.051ms)
✔ addIssue appends an issue with default fields (0.118417ms)
✔ addIssue accepts custom status and dates (0.057167ms)
✔ updateIssue changes a field and records an audit entry (0.114959ms)
✔ updateIssue throws for an unknown issue id (0.047916ms)
✔ deleteIssue removes the issue (0.107916ms)
✔ deleteIssue throws for an unknown issue id (0.052ms)
✔ addRisk appends a risk with default fields (0.0815ms)
✔ addRisk accepts custom likelihood, impact, and mitigation (0.044833ms)
✔ updateRisk changes a field and records an audit entry (0.125208ms)
✔ updateRisk throws for an unknown risk id (0.050167ms)
✔ deleteRisk removes the risk (0.074792ms)
✔ deleteRisk throws for an unknown risk id (0.041834ms)
✔ addDecision appends a decision with default fields (0.081125ms)
✔ addDecision accepts a custom decisionNeededBy date (0.041417ms)
✔ updateDecision changes a field and records an audit entry (0.093958ms)
✔ updateDecision throws for an unknown decision id (0.042417ms)
✔ deleteDecision removes the decision (0.066542ms)
✔ deleteDecision throws for an unknown decision id (0.037209ms)
✔ undo reverts an addIssue and redo reapplies it (0.063542ms)
✔ undo reverts an addRisk and redo reapplies it (0.0625ms)
✔ undo reverts an addDecision and redo reapplies it (0.126792ms)
✔ Project constructor defaults activityGroups/activities to empty arrays for legacy projects without them (0.046625ms)
✔ addActivityGroup creates a group with generated id, defaults color if omitted (0.05875ms)
✔ addActivityGroup undo removes the created group (0.049125ms)
✔ updateActivityGroup patches name/color (0.07575ms)
✔ updateActivityGroup throws for an unknown id (0.041625ms)
✔ deleteActivityGroup removes the group and strips it from any activity groupIds (0.141125ms)
✔ deleteActivityGroup throws for an unknown id (0.038375ms)
✔ addActivity defaults dateEnd to dateStart when omitted, and normalizes optional fields (0.046333ms)
✔ addActivity keeps an explicit dateEnd for multi-day activities (0.03875ms)
✔ updateActivity patches fields (0.070875ms)
✔ updateActivity throws for an unknown id (0.039875ms)
✔ deleteActivity removes the activity (0.062708ms)
✔ deleteActivity throws for an unknown id (0.037209ms)
✔ addActivity/addActivityGroup participate in the undo stack like addTask (0.049291ms)
✔ addActivities creates every spec in one call with a single undo checkpoint (0.104292ms)
✔ weekFteFor defaults to 1.0 for absent map, PIC, or week (0.446833ms)
✔ weekFteFor returns the override and clamps malformed values (0.073041ms)
✔ computeWorkload buckets Monday weeks W1..Wn across the leaf date span (0.682ms)
✔ demand splits across week boundaries and weekends are excluded (0.572208ms)
✔ the locked worked example: 0.5 FTE week, 4 demanded workdays -> 1.6 overloaded, neighbors untouched (0.15275ms)
✔ holidays reduce both demand and available (0.096291ms)
✔ zero-FTE week with demand is overloaded (0.096917ms)
✔ cancelled, parent, blank-PIC and dateless tasks contribute no demand; pics = union sorted (0.12675ms)
✔ a project with no dated leaf tasks returns empty weeks (0.116459ms)
✔ taskIds lists the active tasks per cell (0.343334ms)
✔ buildExportXlsHtml produces one <tr> per calc.order entry plus one header row (2.133083ms)
✔ buildExportXlsHtml header row contains the documented columns (0.294458ms)
✔ buildExportXlsHtml renders a Thai task name unescaped (just present as UTF-8 text) (0.393334ms)
✔ buildExportXlsHtml HTML-escapes special characters in task names (0.194542ms)
✔ buildExportXlsHtml applies a status-tint style to a Delayed row (0.267ms)
✔ buildExportXlsHtml wraps the table in a UTF-8-charset HTML document (0.63775ms)
ℹ tests 295
ℹ suites 0
ℹ pass 285
ℹ fail 10
ℹ cancelled 0
ℹ skipped 0
ℹ todo 0
ℹ duration_ms 156.6865

✖ failing tests:

test at tests/build.test.js:30:1
✖ build.py output includes every engine in dependency order (27.6ms)
  AssertionError [ERR_ASSERTION]: expected "class Project" to appear after the previous engine
      at TestContext.<anonymous> (/Users/napasjutha/Desktop/project_mnm/temp_repo/tests/build.test.js:37:12)
      at Test.runInAsyncScope (node:async_hooks:214:14)
      at Test.run (node:internal/test_runner/test:1062:25)
      at Test.processPendingSubtests (node:internal/test_runner/test:752:18)
      at Test.postRun (node:internal/test_runner/test:1191:19)
      at Test.run (node:internal/test_runner/test:1119:12)
      at async Test.processPendingSubtests (node:internal/test_runner/test:752:7) {
    generatedMessage: false,
    code: 'ERR_ASSERTION',
    actual: false,
    expected: true,
    operator: '=='
  }

test at tests/estimator-integration.test.js:6:1
✖ Integration: Estimator detailed mode end-to-end (3.749375ms)
  TypeError [Error]: Cannot read properties of undefined (reading 'Service')
      at TestContext.<anonymous> (/Users/napasjutha/Desktop/project_mnm/temp_repo/tests/estimator-integration.test.js:43:47)
      at Test.runInAsyncScope (node:async_hooks:214:14)
      at Test.run (node:internal/test_runner/test:1062:25)
      at Test.start (node:internal/test_runner/test:959:17)
      at startSubtestAfterBootstrap (node:internal/test_runner/harness:332:17)

test at tests/estimator-integration.test.js:62:1
✖ Integration: Estimator high-level mode end-to-end (0.11575ms)
  TypeError [Error]: Cannot set properties of undefined (setting 'low')
      at TestContext.<anonymous> (/Users/napasjutha/Desktop/project_mnm/temp_repo/tests/estimator-integration.test.js:70:41)
      at Test.runInAsyncScope (node:async_hooks:214:14)
      at Test.run (node:internal/test_runner/test:1062:25)
      at Test.processPendingSubtests (node:internal/test_runner/test:752:18)
      at Test.postRun (node:internal/test_runner/test:1191:19)
      at Test.run (node:internal/test_runner/test:1119:12)
      at async startSubtestAfterBootstrap (node:internal/test_runner/harness:332:3)

test at tests/estimator-integration.test.js:129:1
✖ Integration: Estimator with integrations and migrations (0.181667ms)
  TypeError [Error]: Cannot read properties of undefined (reading 'Integration')
      at TestContext.<anonymous> (/Users/napasjutha/Desktop/project_mnm/temp_repo/tests/estimator-integration.test.js:140:51)
      at Test.runInAsyncScope (node:async_hooks:214:14)
      at Test.run (node:internal/test_runner/test:1062:25)
      at Test.processPendingSubtests (node:internal/test_runner/test:752:18)
      at Test.postRun (node:internal/test_runner/test:1191:19)
      at Test.run (node:internal/test_runner/test:1119:12)
      at async Test.processPendingSubtests (node:internal/test_runner/test:752:7)

test at tests/estimatorEngine.test.js:17:1
✖ calculateRequirement - Customization High (0.332125ms)
  AssertionError [ERR_ASSERTION]: Total days should be 34.375
      at TestContext.<anonymous> (/Users/napasjutha/Desktop/project_mnm/temp_repo/tests/estimatorEngine.test.js:23:10)
      at Test.runInAsyncScope (node:async_hooks:214:14)
      at Test.run (node:internal/test_runner/test:1062:25)
      at Test.processPendingSubtests (node:internal/test_runner/test:752:18)
      at Test.postRun (node:internal/test_runner/test:1191:19)
      at Test.run (node:internal/test_runner/test:1119:12)
      at async startSubtestAfterBootstrap (node:internal/test_runner/harness:332:3) {
    generatedMessage: false,
    code: 'ERR_ASSERTION',
    actual: false,
    expected: true,
    operator: '=='
  }

test at tests/estimatorEngine.test.js:29:1
✖ calculateRequirement - OOTB Low (0.675625ms)
  AssertionError [ERR_ASSERTION]: Total days should be 2.3375
      at TestContext.<anonymous> (/Users/napasjutha/Desktop/project_mnm/temp_repo/tests/estimatorEngine.test.js:35:10)
      at Test.runInAsyncScope (node:async_hooks:214:14)
      at Test.run (node:internal/test_runner/test:1062:25)
      at Test.processPendingSubtests (node:internal/test_runner/test:752:18)
      at Test.postRun (node:internal/test_runner/test:1191:19)
      at Test.run (node:internal/test_runner/test:1119:12)
      at async Test.processPendingSubtests (node:internal/test_runner/test:752:7) {
    generatedMessage: false,
    code: 'ERR_ASSERTION',
    actual: false,
    expected: true,
    operator: '=='
  }

test at tests/estimatorEngine.test.js:46:1
✖ calculateHighLevelCloud - Sales cloud with mixed complexity (0.156875ms)
  AssertionError [ERR_ASSERTION]: Total should be ~48.6 days
      at TestContext.<anonymous> (/Users/napasjutha/Desktop/project_mnm/temp_repo/tests/estimatorEngine.test.js:57:10)
      at Test.runInAsyncScope (node:async_hooks:214:14)
      at Test.run (node:internal/test_runner/test:1062:25)
      at Test.processPendingSubtests (node:internal/test_runner/test:752:18)
      at Test.postRun (node:internal/test_runner/test:1191:19)
      at Test.run (node:internal/test_runner/test:1119:12)
      at async Test.processPendingSubtests (node:internal/test_runner/test:752:7) {
    generatedMessage: false,
    code: 'ERR_ASSERTION',
    actual: false,
    expected: true,
    operator: '=='
  }

test at tests/estimatorEngine.test.js:63:1
✖ recalcSummary - detailed mode with two requirements (0.237792ms)
  AssertionError [ERR_ASSERTION]: Total should be ~23.2 days
      at TestContext.<anonymous> (/Users/napasjutha/Desktop/project_mnm/temp_repo/tests/estimatorEngine.test.js:91:10)
      at Test.runInAsyncScope (node:async_hooks:214:14)
      at Test.run (node:internal/test_runner/test:1062:25)
      at Test.processPendingSubtests (node:internal/test_runner/test:752:18)
      at Test.postRun (node:internal/test_runner/test:1191:19)
      at Test.run (node:internal/test_runner/test:1119:12)
      at async Test.processPendingSubtests (node:internal/test_runner/test:752:7) {
    generatedMessage: false,
    code: 'ERR_ASSERTION',
    actual: false,
    expected: true,
    operator: '=='
  }

test at tests/estimatorEngine.test.js:98:1
✖ recalcSummary - high-level mode (0.088292ms)
  AssertionError [ERR_ASSERTION]: Total should be ~12.5 days
      at TestContext.<anonymous> (/Users/napasjutha/Desktop/project_mnm/temp_repo/tests/estimatorEngine.test.js:125:10)
      at Test.runInAsyncScope (node:async_hooks:214:14)
      at Test.run (node:internal/test_runner/test:1062:25)
      at Test.processPendingSubtests (node:internal/test_runner/test:752:18)
      at Test.postRun (node:internal/test_runner/test:1191:19)
      at Test.run (node:internal/test_runner/test:1119:12)
      at async Test.processPendingSubtests (node:internal/test_runner/test:752:7) {
    generatedMessage: false,
    code: 'ERR_ASSERTION',
    actual: false,
    expected: true,
    operator: '=='
  }

test at tests/estimatorEngine.test.js:130:1
✖ recalcSummary - with integrations and migrations (0.097958ms)
  AssertionError [ERR_ASSERTION]: Total should be ~51.4 days
      at TestContext.<anonymous> (/Users/napasjutha/Desktop/project_mnm/temp_repo/tests/estimatorEngine.test.js:154:10)
      at Test.runInAsyncScope (node:async_hooks:214:14)
      at Test.run (node:internal/test_runner/test:1062:25)
      at Test.processPendingSubtests (node:internal/test_runner/test:752:18)
      at Test.postRun (node:internal/test_runner/test:1191:19)
      at Test.run (node:internal/test_runner/test:1119:12)
      at async Test.processPendingSubtests (node:internal/test_runner/test:752:7) {
    generatedMessage: false,
    code: 'ERR_ASSERTION',
    actual: false,
    expected: true,
    operator: '=='
  }
